{
  "class": {
    "name": "class",
    "fields": [
      {
        "name": "id",
        "type": {
          "graphqlType": "TYPE_ID",
          "isRequired": true
        },
        "isPrimaryKey": true,
        "isReadOnly": false,
        "isSynthetic": false
      },
      {
        "name": "name",
        "type": {
          "graphqlType": "TYPE_STRING",
          "isRequired": true
        },
        "isPrimaryKey": false,
        "isReadOnly": false,
        "isSynthetic": false
      },
      {
        "name": "createdAt",
        "type": {
          "graphqlType": "TYPE_AWS_DATE_TIME",
          "isRequired": false,
          "isArray": false
        },
        "isReadOnly": true,
        "isSynthetic": false
      },
      {
        "name": "updatedAt",
        "type": {
          "graphqlType": "TYPE_AWS_DATE_TIME",
          "isRequired": false,
          "isArray": false
        },
        "isReadOnly": true,
        "isSynthetic": false
      }
    ],
    "isCustom": false
  },
  "ReservedWord": {
    "name": "ReservedWord",
    "fields": [
      {
        "name": "id",
        "type": {
          "graphqlType": "TYPE_ID",
          "isRequired": true
        },
        "isPrimaryKey": true,
        "isReadOnly": false,
        "isSynthetic": false
      },
      {
        "name": "class",
        "type": {
          "graphqlType": "TYPE_STRING",
          "isRequired": true
        },
        "isPrimaryKey": false,
        "isReadOnly": false,
        "isSynthetic": false
      },
      {
        "name": "createdAt",
        "type": {
          "graphqlType": "TYPE_AWS_DATE_TIME",
          "isRequired": false,
          "isArray": false
        },
        "isReadOnly": true,
        "isSynthetic": false
      },
      {
        "name": "updatedAt",
        "type": {
          "graphqlType": "TYPE_AWS_DATE_TIME",
          "isRequired": false,
          "isArray": false
        },
        "isReadOnly": true,
        "isSynthetic": false
      }
    ],
    "isCustom": false
  }
}